["return",{"line":1,"col":0}]
["return",true]
["return",null]
["return",{"line":2,"col":0}]
["return",[]]
["return",[["Line 1, characters 12-27","type 'a t = 'a list"]]]
